Filesystem created successfully.
File created successfully.
File created successfully.
File created successfully.
File created successfully.
File created successfully.
File created successfully.
File created successfully.
File created successfully.
File created successfully.
File created successfully.
File created successfully.
File created successfully.
File created successfully.
File created successfully.
File created successfully.
File created successfully.
File created successfully.
File created successfully.
File created successfully.
File created successfully.
File created successfully.
File created successfully.
File created successfully.
File created successfully.
File created successfully.
File created successfully.
File created successfully.
File created successfully.
File created successfully.
File created successfully.
File created successfully.
File created successfully.
File created successfully.
File created successfully.
File created successfully.
File created successfully.
File created successfully.
File created successfully.
File created successfully.
File created successfully.
File created successfully.
File created successfully.
File created successfully.
File created successfully.
File created successfully.
File created successfully.
File created successfully.
File created successfully.
File created successfully.
File created successfully.
File created successfully.
File created successfully.
File created successfully.
File created successfully.
File created successfully.
File created successfully.
File created successfully.
File created successfully.
File created successfully.
File created successfully.
File created successfully.
File created successfully.
File created successfully.
Error in creating file: The available storage space has been exceeded.
change da world
my final message. Goodb ye.
